// Jest Snapshot v1, https://goo.gl/fbAQLP

exports[`apiClient apiClient 1`] = `Promise {}`;
